// Jest Snapshot v1, https://goo.gl/fbAQLP

exports[`CalendarScreen renders correctly 1`] = `
<View
  style={
    {
      "alignItems": "center",
      "flex": 1,
    }
  }
>
  <View
    style={
      {
        "flex": undefined,
      }
    }
  >
    <RCTScrollView
      data={
        [
          "2020-03-24T16:44:34.749Z",
          "2020-04-24T15:44:34.749Z",
          "2020-05-24T15:44:34.749Z",
          "2020-06-24T15:44:34.749Z",
          "2020-07-24T15:44:34.749Z",
          "2020-08-24T15:44:34.749Z",
          "2020-09-24T15:44:34.749Z",
          "2020-10-24T15:44:34.749Z",
          "2020-11-24T16:44:34.749Z",
          "2020-12-24T16:44:34.749Z",
          "2021-01-24T16:44:34.749Z",
          "2021-02-24T16:44:34.749Z",
          "2021-03-24T16:44:34.749Z",
          "2021-04-24T15:44:34.749Z",
          "2021-05-24T15:44:34.749Z",
          "2021-06-24T15:44:34.749Z",
          "2021-07-24T15:44:34.749Z",
          "2021-08-24T15:44:34.749Z",
          "2021-09-24T15:44:34.749Z",
          "2021-10-24T15:44:34.749Z",
          "2021-11-24T16:44:34.749Z",
          "2021-12-24T16:44:34.749Z",
          "2022-01-24T16:44:34.749Z",
          "2022-02-24T16:44:34.749Z",
          "2022-03-24T16:44:34.749Z",
          "2022-04-24T15:44:34.749Z",
          "2022-05-24T15:44:34.749Z",
          "2022-06-24T15:44:34.749Z",
          "2022-07-24T15:44:34.749Z",
          "2022-08-24T15:44:34.749Z",
          "2022-09-24T15:44:34.749Z",
          "2022-10-24T15:44:34.749Z",
          "2022-11-24T16:44:34.749Z",
          "2022-12-24T16:44:34.749Z",
          "2023-01-24T16:44:34.749Z",
          "2023-02-24T16:44:34.749Z",
          "2023-03-24T16:44:34.749Z",
          "2023-04-24T15:44:34.749Z",
          "2023-05-24T15:44:34.749Z",
          "2023-06-24T15:44:34.749Z",
          "2023-07-24T15:44:34.749Z",
          "2023-08-24T15:44:34.749Z",
          "2023-09-24T15:44:34.749Z",
          "2023-10-24T15:44:34.749Z",
          "2023-11-24T16:44:34.749Z",
          "2023-12-24T16:44:34.749Z",
          "2024-01-24T16:44:34.749Z",
          "2024-02-24T16:44:34.749Z",
          "2024-03-24T16:44:34.749Z",
          "2024-04-24T15:44:34.749Z",
          "2024-05-24T15:44:34.749Z",
          "2024-06-24T15:44:34.749Z",
          "2024-07-24T15:44:34.749Z",
          "2024-08-24T15:44:34.749Z",
          "2024-09-24T15:44:34.749Z",
          "2024-10-24T15:44:34.749Z",
          "2024-11-24T16:44:34.749Z",
          "2024-12-24T16:44:34.749Z",
          "2025-01-24T16:44:34.749Z",
          "2025-02-24T16:44:34.749Z",
          "2025-03-24T16:44:34.749Z",
          "2025-04-24T15:44:34.749Z",
          "2025-05-24T15:44:34.749Z",
          "2025-06-24T15:44:34.749Z",
          "2025-07-24T15:44:34.749Z",
          "2025-08-24T15:44:34.749Z",
          "2025-09-24T15:44:34.749Z",
          "2025-10-24T15:44:34.749Z",
          "2025-11-24T16:44:34.749Z",
          "2025-12-24T16:44:34.749Z",
          "2026-01-24T16:44:34.749Z",
          "2026-02-24T16:44:34.749Z",
          "2026-03-24T16:44:34.749Z",
          "2026-04-24T15:44:34.749Z",
          "2026-05-24T15:44:34.749Z",
          "2026-06-24T15:44:34.749Z",
          "2026-07-24T15:44:34.749Z",
          "2026-08-24T15:44:34.749Z",
          "2026-09-24T15:44:34.749Z",
          "2026-10-24T15:44:34.749Z",
          "2026-11-24T16:44:34.749Z",
          "2026-12-24T16:44:34.749Z",
          "2027-01-24T16:44:34.749Z",
          "2027-02-24T16:44:34.749Z",
          "2027-03-24T16:44:34.749Z",
          "2027-04-24T15:44:34.749Z",
          "2027-05-24T15:44:34.749Z",
          "2027-06-24T15:44:34.749Z",
          "2027-07-24T15:44:34.749Z",
          "2027-08-24T15:44:34.749Z",
          "2027-09-24T15:44:34.749Z",
          "2027-10-24T15:44:34.749Z",
          "2027-11-24T16:44:34.749Z",
          "2027-12-24T16:44:34.749Z",
          "2028-01-24T16:44:34.749Z",
          "2028-02-24T16:44:34.749Z",
          "2028-03-24T16:44:34.749Z",
          "2028-04-24T15:44:34.749Z",
          "2028-05-24T15:44:34.749Z",
          "2028-06-24T15:44:34.749Z",
          "2028-07-24T15:44:34.749Z",
        ]
      }
      getItem={[Function]}
      getItemCount={[Function]}
      getItemLayout={[Function]}
      horizontal={false}
      initialNumToRender={3}
      initialScrollIndex={50}
      keyExtractor={[Function]}
      nestedScrollEnabled={true}
      onContentSizeChange={[Function]}
      onLayout={[Function]}
      onMomentumScrollBegin={[Function]}
      onMomentumScrollEnd={[Function]}
      onScroll={[Function]}
      onScrollBeginDrag={[Function]}
      onScrollEndDrag={[Function]}
      removeClippedSubviews={false}
      renderItem={[Function]}
      scrollEnabled={true}
      scrollEventThrottle={0.0001}
      scrollsToTop={false}
      showsHorizontalScrollIndicator={false}
      showsVerticalScrollIndicator={false}
      stickyHeaderIndices={[]}
      style={
        [
          {
            "backgroundColor": "white",
          },
          undefined,
        ]
      }
      testID="undefined.list"
      viewabilityConfigCallbackPairs={
        [
          {
            "onViewableItemsChanged": [Function],
            "viewabilityConfig": {
              "viewAreaCoveragePercentThreshold": 20,
            },
          },
        ]
      }
    >
      <View>
        <View
          style={
            {
              "height": 18000,
            }
          }
        />
        <View
          onFocusCapture={[Function]}
          style={null}
        >
          <Text
            style={
              [
                [
                  {
                    "minHeight": 360,
                    "width": 750,
                  },
                  {
                    "paddingLeft": 15,
                    "paddingRight": 15,
                  },
                  undefined,
                ],
                {
                  "color": "#2d4150",
                  "fontSize": 20,
                  "fontWeight": "200",
                },
              ]
            }
          >
            2024-05-24
          </Text>
        </View>
        <View
          onFocusCapture={[Function]}
          style={null}
        >
          <Text
            style={
              [
                [
                  {
                    "minHeight": 360,
                    "width": 750,
                  },
                  {
                    "paddingLeft": 15,
                    "paddingRight": 15,
                  },
                  undefined,
                ],
                {
                  "color": "#2d4150",
                  "fontSize": 20,
                  "fontWeight": "200",
                },
              ]
            }
          >
            2024-06-24
          </Text>
        </View>
        <View
          onFocusCapture={[Function]}
          style={null}
        >
          <Text
            style={
              [
                [
                  {
                    "minHeight": 360,
                    "width": 750,
                  },
                  {
                    "paddingLeft": 15,
                    "paddingRight": 15,
                  },
                  undefined,
                ],
                {
                  "color": "#2d4150",
                  "fontSize": 20,
                  "fontWeight": "200",
                },
              ]
            }
          >
            2024-07-24
          </Text>
        </View>
        <View
          style={
            {
              "height": 17280,
            }
          }
        />
      </View>
    </RCTScrollView>
  </View>
</View>
`;
